This is pdfTeX, Version 3.141592653-2.6-1.40.24 (TeX Live 2022) (preloaded format=pdflatex 2022.9.27)  4 SEP 2026 14:04
entering extended mode
 restricted \write18 enabled.
 file:line:error style messages enabled.
 %&-line parsing enabled.
**/Users/daria/Desktop/doctoral-thesis/document/cv/cv-bu.tex
(/Users/daria/Desktop/doctoral-thesis/document/cv/cv-bu.tex
LaTeX2e <2021-11-15> patch level 1
L3 programming layer <2022-02-24>

! LaTeX Error: File `resume.cls' not found.

Type X to quit or <RETURN> to proceed,
or enter new name. (Default extension: cls)

Enter file name: 
/Users/daria/Desktop/doctoral-thesis/document/cv/cv-bu.tex:22: Emergency stop.
<read *> 
         
l.22 ^^M
        
*** (cannot \read from terminal in nonstop modes)

 
Here is how much of TeX's memory you used:
 25 strings out of 478268
 612 string characters out of 5846347
 289381 words of memory out of 5000000
 18330 multiletter control sequences out of 15000+600000
 469259 words of font info for 28 fonts, out of 8000000 for 9000
 1141 hyphenation exceptions out of 8191
 19i,0n,29p,168b,17s stack positions out of 10000i,1000n,20000p,200000b,200000s
/Users/daria/Desktop/doctoral-thesis/document/cv/cv-bu.tex:22:  ==> Fatal error occurred, no output PDF file produced!
